14:37:26 **** Auto Build of configuration Debug for project axi_test ****
make all 
'Building file: ../src/helloworld.c'
'Invoking: ARM gcc compiler'
arm-xilinx-eabi-gcc -Wall -O0 -g3 -c -fmessage-length=0 -I../../axi_test_bsp/ps7_cortexa9_0/include -MMD -MP -MF"src/helloworld.d" -MT"src/helloworld.d" -o "src/helloworld.o" "../src/helloworld.c"
../src/helloworld.c: In function 'main':
../src/helloworld.c:51:6: warning: unused variable 'value_in' [-Wunused-variable]
'Finished building: ../src/helloworld.c'
' '
'Building target: axi_test.elf'
'Invoking: ARM gcc linker'
arm-xilinx-eabi-gcc -Wl,-T -Wl,../src/lscript.ld -L../../axi_test_bsp/ps7_cortexa9_0/lib -o "axi_test.elf"  ./src/helloworld.o ./src/platform.o   -Wl,--start-group,-lxil,-lgcc,-lc,--end-group
'Finished building target: axi_test.elf'
' '
'Invoking: ARM Print Size'
arm-xilinx-eabi-size axi_test.elf  |tee "axi_test.elf.size"
   text	   data	    bss	    dec	    hex	filename
  24952	   1096	   8276	  34324	   8614	axi_test.elf
'Finished building: axi_test.elf.size'
' '

14:37:27 Build Finished (took 517ms)

