14:35:35 **** Auto Build of configuration Debug for project zynq_fsbl ****
make all 
'Building file: ../src/ps7_init.c'
'Invoking: ARM gcc compiler'
arm-xilinx-eabi-gcc -Wall -O0 -g3 -c -fmessage-length=0 -I../../zynq_fsbl_bsp/ps7_cortexa9_0/include -MMD -MP -MF"src/ps7_init.d" -MT"src/ps7_init.d" -o "src/ps7_init.o" "../src/ps7_init.c"
'Finished building: ../src/ps7_init.c'
' '
'Building target: zynq_fsbl.elf'
'Invoking: ARM gcc linker'
arm-xilinx-eabi-gcc -L"D:\ROSTA\hdl-master\projects\adv7511\zed_for_noos\adv7511_zed.sdk\SDK\SDK_Export\zynq_fsbl\src" -Wl,-T -Wl,../src/lscript.ld -L../../zynq_fsbl_bsp/ps7_cortexa9_0/lib -o "zynq_fsbl.elf"  ./src/ddr_init.o ./src/fsbl_handoff.o ./src/fsbl_hooks.o ./src/image_mover.o ./src/main.o ./src/md5.o ./src/nand.o ./src/nor.o ./src/pcap.o ./src/ps7_init.o ./src/qspi.o ./src/rsa.o ./src/sd.o   -lrsa -Wl,--start-group,-lxil,-lgcc,-lc,--end-group -Wl,--start-group,-lxilffs,-lxil,-lgcc,-lc,--end-group
'Finished building target: zynq_fsbl.elf'
' '
'Invoking: ARM Print Size'
arm-xilinx-eabi-size zynq_fsbl.elf  |tee "zynq_fsbl.elf.size"
   text	   data	    bss	    dec	    hex	filename
  70440	  11460	  73316	 155216	  25e50	zynq_fsbl.elf
'Finished building: zynq_fsbl.elf.size'
' '

14:35:36 Build Finished (took 665ms)

